[debug] [2026-06-09T13:37:22.891Z] ----------------------------------------------------------------------
[debug] [2026-06-09T13:37:22.893Z] Command:       /opt/homebrew/Cellar/node/25.6.0/bin/node /opt/homebrew/bin/firebase deploy --only functions:claimWeekly --project montecarloedge
[debug] [2026-06-09T13:37:22.893Z] CLI Version:   15.19.1
[debug] [2026-06-09T13:37:22.893Z] Platform:      darwin
[debug] [2026-06-09T13:37:22.893Z] Node Version:  v25.6.0
[debug] [2026-06-09T13:37:22.893Z] Time:          Tue Jun 09 2026 21:37:22 GMT+0800 (Singapore Standard Time)
[debug] [2026-06-09T13:37:22.893Z] ----------------------------------------------------------------------
[debug] 
[debug] [2026-06-09T13:37:23.749Z] > command requires scopes: ["email","openid","https://www.googleapis.com/auth/cloudplatformprojects.readonly","https://www.googleapis.com/auth/firebase","https://www.googleapis.com/auth/cloud-platform"]
[debug] [2026-06-09T13:37:23.750Z] > authorizing via signed-in user (xynkro@gmail.com)
[debug] [2026-06-09T13:37:23.750Z] [iam] checking project montecarloedge for permissions ["cloudfunctions.functions.create","cloudfunctions.functions.delete","cloudfunctions.functions.get","cloudfunctions.functions.list","cloudfunctions.functions.update","cloudfunctions.operations.get","firebase.projects.get"]
[debug] [2026-06-09T13:37:23.750Z] Checked if tokens are valid: true, expires at: 1781014898670
[debug] [2026-06-09T13:37:23.750Z] Checked if tokens are valid: true, expires at: 1781014898670
[debug] [2026-06-09T13:37:23.751Z] >>> [apiv2][query] POST https://cloudresourcemanager.googleapis.com/v1/projects/montecarloedge:testIamPermissions [none]
[debug] [2026-06-09T13:37:23.751Z] >>> [apiv2][(partial)header] POST https://cloudresourcemanager.googleapis.com/v1/projects/montecarloedge:testIamPermissions  x-goog-user-project=montecarloedge
[debug] [2026-06-09T13:37:23.751Z] >>> [apiv2][body] POST https://cloudresourcemanager.googleapis.com/v1/projects/montecarloedge:testIamPermissions {"permissions":["cloudfunctions.functions.create","cloudfunctions.functions.delete","cloudfunctions.functions.get","cloudfunctions.functions.list","cloudfunctions.functions.update","cloudfunctions.operations.get","firebase.projects.get"]}
[debug] [2026-06-09T13:37:24.212Z] <<< [apiv2][status] POST https://cloudresourcemanager.googleapis.com/v1/projects/montecarloedge:testIamPermissions 200
[debug] [2026-06-09T13:37:24.212Z] <<< [apiv2][body] POST https://cloudresourcemanager.googleapis.com/v1/projects/montecarloedge:testIamPermissions {"permissions":["cloudfunctions.functions.create","cloudfunctions.functions.delete","cloudfunctions.functions.get","cloudfunctions.functions.list","cloudfunctions.functions.update","cloudfunctions.operations.get","firebase.projects.get"]}
[debug] [2026-06-09T13:37:24.212Z] Checked if tokens are valid: true, expires at: 1781014898670
[debug] [2026-06-09T13:37:24.212Z] Checked if tokens are valid: true, expires at: 1781014898670
[debug] [2026-06-09T13:37:24.212Z] >>> [apiv2][query] POST https://iam.googleapis.com/v1/projects/montecarloedge/serviceAccounts/montecarloedge@appspot.gserviceaccount.com:testIamPermissions [none]
[debug] [2026-06-09T13:37:24.212Z] >>> [apiv2][body] POST https://iam.googleapis.com/v1/projects/montecarloedge/serviceAccounts/montecarloedge@appspot.gserviceaccount.com:testIamPermissions {"permissions":["iam.serviceAccounts.actAs"]}
[debug] [2026-06-09T13:37:25.610Z] <<< [apiv2][status] POST https://iam.googleapis.com/v1/projects/montecarloedge/serviceAccounts/montecarloedge@appspot.gserviceaccount.com:testIamPermissions 404
[debug] [2026-06-09T13:37:25.611Z] <<< [apiv2][body] POST https://iam.googleapis.com/v1/projects/montecarloedge/serviceAccounts/montecarloedge@appspot.gserviceaccount.com:testIamPermissions {"error":{"code":404,"message":"Unknown service account","status":"NOT_FOUND"}}
[debug] [2026-06-09T13:37:25.611Z] [functions] service account IAM check errored, deploy may fail: Request to https://iam.googleapis.com/v1/projects/montecarloedge/serviceAccounts/montecarloedge@appspot.gserviceaccount.com:testIamPermissions had HTTP Error: 404, Unknown service account {"name":"FirebaseError","children":[],"context":{"body":{"error":{"code":404,"message":"Unknown service account","status":"NOT_FOUND"}},"response":{"statusCode":404}},"exit":1,"message":"Request to https://iam.googleapis.com/v1/projects/montecarloedge/serviceAccounts/montecarloedge@appspot.gserviceaccount.com:testIamPermissions had HTTP Error: 404, Unknown service account","status":404}
[info] 
[info] === Deploying to 'montecarloedge'...
[info] 
[info] i  deploying functions 
[info] Running command: npm --prefix functions run build
[info] ✔  functions: Finished running predeploy script. 
[debug] [2026-06-09T13:37:27.116Z] Checked if tokens are valid: true, expires at: 1781014898670
[debug] [2026-06-09T13:37:27.117Z] Checked if tokens are valid: true, expires at: 1781014898670
[debug] [2026-06-09T13:37:27.117Z] >>> [apiv2][query] GET https://cloudresourcemanager.googleapis.com/v1/projects/montecarloedge [none]
[debug] [2026-06-09T13:37:27.382Z] <<< [apiv2][status] GET https://cloudresourcemanager.googleapis.com/v1/projects/montecarloedge 200
[debug] [2026-06-09T13:37:27.382Z] <<< [apiv2][body] GET https://cloudresourcemanager.googleapis.com/v1/projects/montecarloedge {"projectNumber":"92656316638","projectId":"montecarloedge","lifecycleState":"ACTIVE","name":"MonteCarloEdge","labels":{"firebase":"enabled","firebase-core":"disabled"},"createTime":"2026-06-08T11:44:21.211Z"}
[info] i  functions: preparing codebase default for deployment 
[info] i  functions: ensuring required API cloudfunctions.googleapis.com is enabled... 
[info] i  functions: ensuring required API cloudbuild.googleapis.com is enabled... 
[info] i  artifactregistry: ensuring required API artifactregistry.googleapis.com is enabled... 
[debug] [2026-06-09T13:37:27.385Z] Checked if tokens are valid: true, expires at: 1781014898670
[debug] [2026-06-09T13:37:27.385Z] Checked if tokens are valid: true, expires at: 1781014898670
[debug] [2026-06-09T13:37:27.385Z] >>> [apiv2][query] GET https://firebase.googleapis.com/v1beta1/projects/montecarloedge/adminSdkConfig [none]
[debug] [2026-06-09T13:37:27.763Z] <<< [apiv2][status] GET https://firebase.googleapis.com/v1beta1/projects/montecarloedge/adminSdkConfig 200
[debug] [2026-06-09T13:37:27.764Z] <<< [apiv2][body] GET https://firebase.googleapis.com/v1beta1/projects/montecarloedge/adminSdkConfig {"projectId":"montecarloedge","storageBucket":"montecarloedge.firebasestorage.app"}
[debug] [2026-06-09T13:37:27.764Z] Checked if tokens are valid: true, expires at: 1781014898670
[debug] [2026-06-09T13:37:27.764Z] Checked if tokens are valid: true, expires at: 1781014898670
[debug] [2026-06-09T13:37:27.764Z] >>> [apiv2][query] GET https://runtimeconfig.googleapis.com/v1beta1/projects/montecarloedge/configs [none]
[debug] [2026-06-09T13:37:29.204Z] <<< [apiv2][status] GET https://runtimeconfig.googleapis.com/v1beta1/projects/montecarloedge/configs 200
[debug] [2026-06-09T13:37:29.204Z] <<< [apiv2][body] GET https://runtimeconfig.googleapis.com/v1beta1/projects/montecarloedge/configs {}
[debug] [2026-06-09T13:37:29.206Z] Validating nodejs source
[warn] ⚠  functions: Runtime Node.js 20 was deprecated on 2026-04-30 and will be decommissioned on 2026-10-30, after which you will not be able to deploy without upgrading. Consider upgrading now to avoid disruption. See https://cloud.google.com/functions/docs/runtime-support for full details on the lifecycle policy 
[warn] ⚠  functions: package.json indicates an outdated version of firebase-functions. Please upgrade using npm install --save firebase-functions@latest in your functions directory. 
[warn] ⚠  functions: Please note that there will be breaking changes when you upgrade. 
[debug] [2026-06-09T13:37:29.781Z] > [functions] package.json contents: {
  "name": "montecarloedge-functions",
  "description": "Server-authoritative dealing + chip ledger for MonteCarloEdge multiplayer",
  "type": "module",
  "private": true,
  "main": "lib/functions/src/index.js",
  "engines": {
    "node": "20"
  },
  "scripts": {
    "build": "tsc",
    "serve": "npm run build && firebase emulators:start --only functions,firestore,auth",
    "deploy": "firebase deploy --only functions"
  },
  "dependencies": {
    "firebase-admin": "^12.7.0",
    "firebase-functions": "^6.3.2",
    "stripe": "^22.2.0"
  },
  "devDependencies": {
    "typescript": "^5.6.3"
  }
}
[debug] [2026-06-09T13:37:29.781Z] Building nodejs source
[info] i  functions: Loading and analyzing source code for codebase default to determine what to deploy 
[debug] [2026-06-09T13:37:29.781Z] Could not find functions.yaml. Must use http discovery
[debug] [2026-06-09T13:37:29.788Z] Found firebase-functions binary at '/Users/xynkro/MonteCarloEdge/functions/node_modules/.bin/firebase-functions'
[info] Serving at port 8957

[debug] [2026-06-09T13:37:30.412Z] Got response from /__/functions.yaml {"endpoints":{"act":{"availableMemoryMb":null,"timeoutSeconds":null,"minInstances":null,"maxInstances":10,"ingressSettings":null,"concurrency":null,"serviceAccountEmail":null,"vpc":null,"platform":"gcfv2","region":["asia-southeast1"],"labels":{},"callableTrigger":{},"entryPoint":"act"},"adminGift":{"availableMemoryMb":null,"timeoutSeconds":null,"minInstances":null,"maxInstances":10,"ingressSettings":null,"concurrency":null,"serviceAccountEmail":null,"vpc":null,"platform":"gcfv2","region":["asia-southeast1"],"labels":{},"callableTrigger":{},"entryPoint":"adminGift"},"claimWeekly":{"availableMemoryMb":null,"timeoutSeconds":null,"minInstances":null,"maxInstances":10,"ingressSettings":null,"concurrency":null,"serviceAccountEmail":null,"vpc":null,"platform":"gcfv2","region":["asia-southeast1"],"labels":{},"callableTrigger":{},"entryPoint":"claimWeekly"},"createBillingPortal":{"availableMemoryMb":null,"timeoutSeconds":null,"minInstances":null,"maxInstances":null,"ingressSettings":null,"concurrency":null,"serviceAccountEmail":null,"vpc":null,"platform":"gcfv2","secretEnvironmentVariables":[{"key":"STRIPE_SECRET"}],"labels":{},"callableTrigger":{},"entryPoint":"createBillingPortal"},"createCheckoutSession":{"availableMemoryMb":null,"timeoutSeconds":null,"minInstances":null,"maxInstances":null,"ingressSettings":null,"concurrency":null,"serviceAccountEmail":null,"vpc":null,"platform":"gcfv2","secretEnvironmentVariables":[{"key":"STRIPE_SECRET"},{"key":"EDGE_PASS_PRICE"}],"labels":{},"callableTrigger":{},"entryPoint":"createCheckoutSession"},"createTable":{"availableMemoryMb":null,"timeoutSeconds":null,"minInstances":null,"maxInstances":10,"ingressSettings":null,"concurrency":null,"serviceAccountEmail":null,"vpc":null,"platform":"gcfv2","region":["asia-southeast1"],"labels":{},"callableTrigger":{},"entryPoint":"createTable"},"giftChips":{"availableMemoryMb":null,"timeoutSeconds":null,"minInstances":null,"maxInstances":10,"ingressSettings":null,"concurrency":null,"serviceAccountEmail":null,"vpc":null,"platform":"gcfv2","region":["asia-southeast1"],"labels":{},"callableTrigger":{},"entryPoint":"giftChips"},"joinTable":{"availableMemoryMb":null,"timeoutSeconds":null,"minInstances":null,"maxInstances":10,"ingressSettings":null,"concurrency":null,"serviceAccountEmail":null,"vpc":null,"platform":"gcfv2","region":["asia-southeast1"],"labels":{},"callableTrigger":{},"entryPoint":"joinTable"},"leaveTable":{"availableMemoryMb":null,"timeoutSeconds":null,"minInstances":null,"maxInstances":10,"ingressSettings":null,"concurrency":null,"serviceAccountEmail":null,"vpc":null,"platform":"gcfv2","region":["asia-southeast1"],"labels":{},"callableTrigger":{},"entryPoint":"leaveTable"},"sendMessage":{"availableMemoryMb":null,"timeoutSeconds":null,"minInstances":null,"maxInstances":10,"ingressSettings":null,"concurrency":null,"serviceAccountEmail":null,"vpc":null,"platform":"gcfv2","region":["asia-southeast1"],"labels":{},"callableTrigger":{},"entryPoint":"sendMessage"},"startHand":{"availableMemoryMb":null,"timeoutSeconds":null,"minInstances":null,"maxInstances":10,"ingressSettings":null,"concurrency":null,"serviceAccountEmail":null,"vpc":null,"platform":"gcfv2","region":["asia-southeast1"],"labels":{},"callableTrigger":{},"entryPoint":"startHand"},"stripeWebhook":{"availableMemoryMb":null,"timeoutSeconds":null,"minInstances":null,"maxInstances":null,"ingressSettings":null,"concurrency":null,"serviceAccountEmail":null,"vpc":null,"platform":"gcfv2","secretEnvironmentVariables":[{"key":"STRIPE_SECRET"},{"key":"STRIPE_WEBHOOK_SECRET"}],"labels":{},"httpsTrigger":{},"entryPoint":"stripeWebhook"}},"specVersion":"v1alpha1","requiredAPIs":[],"extensions":{},"params":[{"type":"secret","name":"STRIPE_SECRET"},{"type":"secret","name":"STRIPE_WEBHOOK_SECRET"},{"type":"secret","name":"EDGE_PASS_PRICE"}]}
